// Jest Snapshot v1, https://goo.gl/fbAQLP

exports[`should render the LoadinPage correctly with loadin icon 1`] = `
<div
  className="loader"
>
  <img
    src="/images/loader.gif"
  />
</div>
`;
